kotlin version: 2.1.0
error message: org.jetbrains.kotlin.backend.common.BackendException: Backend Internal error: Exception during IR lowering
File being compiled: E:/EWorkspace/git/eternal_return/eternal_return/src/main/kotlin/org/EternalReturn/ERCharacter/ERCharacter.kt
The root cause java.lang.RuntimeException was thrown at: org.jetbrains.kotlin.backend.jvm.codegen.FunctionCodegen.generate(FunctionCodegen.kt:48)
	at org.jetbrains.kotlin.backend.common.CodegenUtil.reportBackendException(CodegenUtil.kt:253)
	at org.jetbrains.kotlin.backend.common.CodegenUtil.reportBackendException$default(CodegenUtil.kt:236)
	at org.jetbrains.kotlin.backend.common.phaser.PerformByIrFilePhase.invokeSequential(performByIrFile.kt:55)
	at org.jetbrains.kotlin.backend.common.phaser.PerformByIrFilePhase.invoke(performByIrFile.kt:42)
	at org.jetbrains.kotlin.backend.common.phaser.PerformByIrFilePhase.invoke(performByIrFile.kt:28)
	at org.jetbrains.kotlin.backend.common.phaser.NamedCompilerPhase.phaseBody(CompilerPhase.kt:166)
	at org.jetbrains.kotlin.backend.common.phaser.AbstractNamedCompilerPhase.invoke(CompilerPhase.kt:113)
	at org.jetbrains.kotlin.backend.common.phaser.CompositePhase.invoke(PhaseBuilders.kt:27)
	at org.jetbrains.kotlin.backend.common.phaser.CompositePhase.invoke(PhaseBuilders.kt:14)
	at org.jetbrains.kotlin.backend.common.phaser.NamedCompilerPhase.phaseBody(CompilerPhase.kt:166)
	at org.jetbrains.kotlin.backend.common.phaser.AbstractNamedCompilerPhase.invoke(CompilerPhase.kt:113)
	at org.jetbrains.kotlin.backend.common.phaser.CompilerPhaseKt.invokeToplevel(CompilerPhase.kt:62)
	at org.jetbrains.kotlin.backend.jvm.JvmIrCodegenFactory.invokeCodegen(JvmIrCodegenFactory.kt:371)
	at org.jetbrains.kotlin.codegen.CodegenFactory.generateModule(CodegenFactory.kt:47)
	at org.jetbrains.kotlin.backend.jvm.JvmIrCodegenFactory.generateModuleInFrontendIRMode(JvmIrCodegenFactory.kt:433)
	at org.jetbrains.kotlin.cli.jvm.compiler.pipeline.JvmCompilerPipelineKt.generateCodeFromIr(jvmCompilerPipeline.kt:192)
	at org.jetbrains.kotlin.cli.jvm.compiler.pipeline.JvmCompilerPipelineKt.runBackend(jvmCompilerPipeline.kt:80)
	at org.jetbrains.kotlin.cli.jvm.compiler.pipeline.JvmCompilerPipelineLightTreeKt.compileModule(jvmCompilerPipelineLightTree.kt:264)
	at org.jetbrains.kotlin.cli.jvm.compiler.pipeline.JvmCompilerPipelineLightTreeKt.compileSingleModuleUsingFrontendIrAndLightTree(jvmCompilerPipelineLightTree.kt:231)
	at org.jetbrains.kotlin.cli.jvm.compiler.pipeline.JvmCompilerPipelineLightTreeKt.compileModulesUsingFrontendIrAndLightTree(jvmCompilerPipelineLightTree.kt:86)
	at org.jetbrains.kotlin.cli.jvm.K2JVMCompiler.doExecute(K2JVMCompiler.kt:146)
	at org.jetbrains.kotlin.cli.jvm.K2JVMCompiler.doExecute(K2JVMCompiler.kt:43)
	at org.jetbrains.kotlin.cli.common.CLICompiler.execImpl(CLICompiler.kt:102)
	at org.jetbrains.kotlin.cli.common.CLICompiler.exec(CLICompiler.kt:316)
	at org.jetbrains.kotlin.incremental.IncrementalJvmCompilerRunner.runCompiler(IncrementalJvmCompilerRunner.kt:464)
	at org.jetbrains.kotlin.incremental.IncrementalJvmCompilerRunner.runCompiler(IncrementalJvmCompilerRunner.kt:73)
	at org.jetbrains.kotlin.incremental.IncrementalCompilerRunner.doCompile(IncrementalCompilerRunner.kt:506)
	at org.jetbrains.kotlin.incremental.IncrementalCompilerRunner.compileImpl(IncrementalCompilerRunner.kt:423)
	at org.jetbrains.kotlin.incremental.IncrementalCompilerRunner.compileNonIncrementally(IncrementalCompilerRunner.kt:301)
	at org.jetbrains.kotlin.incremental.IncrementalCompilerRunner.compile(IncrementalCompilerRunner.kt:129)
	at org.jetbrains.kotlin.daemon.CompileServiceImplBase.execIncrementalCompiler(CompileServiceImpl.kt:674)
	at org.jetbrains.kotlin.daemon.CompileServiceImplBase.access$execIncrementalCompiler(CompileServiceImpl.kt:91)
	at org.jetbrains.kotlin.daemon.CompileServiceImpl.compile(CompileServiceImpl.kt:1659)
	at java.base/jdk.internal.reflect.DirectMethodHandleAccessor.invoke(DirectMethodHandleAccessor.java:103)
	at java.base/java.lang.reflect.Method.invoke(Method.java:580)
	at java.rmi/sun.rmi.server.UnicastServerRef.dispatch(UnicastServerRef.java:360)
	at java.rmi/sun.rmi.transport.Transport$1.run(Transport.java:200)
	at java.rmi/sun.rmi.transport.Transport$1.run(Transport.java:197)
	at java.base/java.security.AccessController.doPrivileged(AccessController.java:714)
	at java.rmi/sun.rmi.transport.Transport.serviceCall(Transport.java:196)
	at java.rmi/sun.rmi.transport.tcp.TCPTransport.handleMessages(TCPTransport.java:598)
	at java.rmi/sun.rmi.transport.tcp.TCPTransport$ConnectionHandler.run0(TCPTransport.java:844)
	at java.rmi/sun.rmi.transport.tcp.TCPTransport$ConnectionHandler.lambda$run$0(TCPTransport.java:721)
	at java.base/java.security.AccessController.doPrivileged(AccessController.java:400)
	at java.rmi/sun.rmi.transport.tcp.TCPTransport$ConnectionHandler.run(TCPTransport.java:720)
	at java.base/java.util.concurrent.ThreadPoolExecutor.runWorker(ThreadPoolExecutor.java:1144)
	at java.base/java.util.concurrent.ThreadPoolExecutor$Worker.run(ThreadPoolExecutor.java:642)
	at java.base/java.lang.Thread.run(Thread.java:1583)
Caused by: java.lang.RuntimeException: Exception while generating code for:
CONSTRUCTOR visibility:public <> (player:org.bukkit.entity.Player) returnType:org.eternalreturn.ercharacter.ERCharacter [primary]
  VALUE_PARAMETER name:player index:0 type:org.bukkit.entity.Player
  BLOCK_BODY
    DELEGATING_CONSTRUCTOR_CALL 'public constructor <init> (collider: org.eternalreturn.util.dpengine.geometry.Collider, entity: org.bukkit.entity.Entity) [primary] declared in org.eternalreturn.erentity.EREntity'
      collider: CALL 'public final fun createOrientedBox (location: org.bukkit.Location, halfX: kotlin.Double, halfY: kotlin.Double, halfZ: kotlin.Double): org.eternalreturn.util.dpengine.geometry.OrientedBox [fake_override] declared in org.eternalreturn.system.EREngine' type=org.eternalreturn.util.dpengine.geometry.OrientedBox origin=null
        $this: CALL 'public open fun getEREngine (): @[FlexibleNullability] org.eternalreturn.system.EREngine? declared in org.eternalreturn.system.PluginInstance' type=@[FlexibleNullability] org.eternalreturn.system.EREngine? origin=null
        location: BLOCK type=org.bukkit.Location origin=null
          VAR IR_TEMPORARY_VARIABLE name:tmp0 type:kotlin.Any? [val]
            CALL 'public abstract fun getLocation (): @[EnhancedNullability] org.bukkit.Location [fake_override] declared in org.bukkit.entity.Player' type=@[EnhancedNullability] org.bukkit.Location origin=GET_PROPERTY
              $this: GET_VAR 'player: org.bukkit.entity.Player declared in org.eternalreturn.ercharacter.ERCharacter.<init>' type=org.bukkit.entity.Player origin=null
          CALL 'public final fun checkNotNullExpressionValue (value: kotlin.Any?, expression: kotlin.String): kotlin.Unit declared in kotlin.jvm.internal.Intrinsics' type=kotlin.Unit origin=null
            value: GET_VAR 'val tmp0: kotlin.Any? [val] declared in org.eternalreturn.ercharacter.ERCharacter.<init>' type=kotlin.Any? origin=null
            expression: CONST String type=kotlin.String value="getLocation(...)"
          GET_VAR 'val tmp0: kotlin.Any? [val] declared in org.eternalreturn.ercharacter.ERCharacter.<init>' type=kotlin.Any? origin=null
        halfX: CONST Double type=kotlin.Double value=0.5
        halfY: CONST Double type=kotlin.Double value=1.5
        halfZ: CONST Double type=kotlin.Double value=0.5
      entity: GET_VAR 'player: org.bukkit.entity.Player declared in org.eternalreturn.ercharacter.ERCharacter.<init>' type=org.bukkit.entity.Player origin=null
    BLOCK type=kotlin.Unit origin=null
      SET_FIELD 'FIELD PROPERTY_BACKING_FIELD name:ActiveCooldownSeconds type:kotlin.Long visibility:public' type=kotlin.Unit origin=INITIALIZE_FIELD
        receiver: GET_VAR '<this>: org.eternalreturn.ercharacter.ERCharacter declared in org.eternalreturn.ercharacter.ERCharacter' type=org.eternalreturn.ercharacter.ERCharacter origin=null
        value: CONST Long type=kotlin.Long value=0
      SET_FIELD 'FIELD PROPERTY_BACKING_FIELD name:PassiveCooldownSeconds type:kotlin.Long visibility:public' type=kotlin.Unit origin=INITIALIZE_FIELD
        receiver: GET_VAR '<this>: org.eternalreturn.ercharacter.ERCharacter declared in org.eternalreturn.ercharacter.ERCharacter' type=org.eternalreturn.ercharacter.ERCharacter origin=null
        value: CONST Long type=kotlin.Long value=0
      SET_FIELD 'FIELD PROPERTY_BACKING_FIELD name:cooldown type:org.eternalreturn.ercharacter.SkillCooldown visibility:private' type=kotlin.Unit origin=INITIALIZE_FIELD
        receiver: GET_VAR '<this>: org.eternalreturn.ercharacter.ERCharacter declared in org.eternalreturn.ercharacter.ERCharacter' type=org.eternalreturn.ercharacter.ERCharacter origin=null
        value: CONSTRUCTOR_CALL 'public constructor <init> () [primary] declared in org.eternalreturn.ercharacter.SkillCooldown' type=org.eternalreturn.ercharacter.SkillCooldown origin=null
      BLOCK type=kotlin.Unit origin=SYNTHESIZED_INIT_BLOCK
        ERROR_CALL 'Unresolved reference: R|org/EternalReturn/EREntity/EREntity.entity|' type=IrErrorType([Error type: Unresolved type for <error>])
        CALL 'protected final fun registerMonobehaviour (monobehaviour: org.eternalreturn.util.dpengine.behaviour.Monobehaviour<*>): kotlin.Unit [fake_override] declared in org.eternalreturn.ercharacter.ERCharacter' type=kotlin.Unit origin=null
          $this: GET_VAR '<this>: org.eternalreturn.ercharacter.ERCharacter declared in org.eternalreturn.ercharacter.ERCharacter' type=org.eternalreturn.ercharacter.ERCharacter origin=null
          monobehaviour: CONSTRUCTOR_CALL 'public constructor <init> () [primary] declared in org.eternalreturn.ercharacter.globalmonobehav.PlayerRayCastingByLeftClicking' type=org.eternalreturn.ercharacter.globalmonobehav.PlayerRayCastingByLeftClicking origin=null
        CALL 'protected final fun registerMonobehaviour (monobehaviour: org.eternalreturn.util.dpengine.behaviour.Monobehaviour<*>): kotlin.Unit [fake_override] declared in org.eternalreturn.ercharacter.ERCharacter' type=kotlin.Unit origin=null
          $this: GET_VAR '<this>: org.eternalreturn.ercharacter.ERCharacter declared in org.eternalreturn.ercharacter.ERCharacter' type=org.eternalreturn.ercharacter.ERCharacter origin=null
          monobehaviour: CONSTRUCTOR_CALL 'public constructor <init> () [primary] declared in org.eternalreturn.ercharacter.globalmonobehav.PlayerRayCastingMeleeAttack' type=org.eternalreturn.ercharacter.globalmonobehav.PlayerRayCastingMeleeAttack origin=null

	at org.jetbrains.kotlin.backend.jvm.codegen.FunctionCodegen.generate(FunctionCodegen.kt:48)
	at org.jetbrains.kotlin.backend.jvm.codegen.FunctionCodegen.generate$default(FunctionCodegen.kt:41)
	at org.jetbrains.kotlin.backend.jvm.codegen.ClassCodegen.generateMethodNode(ClassCodegen.kt:407)
	at org.jetbrains.kotlin.backend.jvm.codegen.ClassCodegen.generateMethod(ClassCodegen.kt:424)
	at org.jetbrains.kotlin.backend.jvm.codegen.ClassCodegen.generate(ClassCodegen.kt:169)
	at org.jetbrains.kotlin.backend.jvm.FileCodegen.lower(JvmPhases.kt:39)
	at org.jetbrains.kotlin.backend.common.phaser.PhaseFactoriesKt.createFilePhase$lambda$4(PhaseFactories.kt:71)
	at org.jetbrains.kotlin.backend.common.phaser.PhaseBuildersKt$createSimpleNamedCompilerPhase$1.phaseBody(PhaseBuilders.kt:69)
	at org.jetbrains.kotlin.backend.common.phaser.SimpleNamedCompilerPhase.phaseBody(CompilerPhase.kt:226)
	at org.jetbrains.kotlin.backend.common.phaser.AbstractNamedCompilerPhase.invoke(CompilerPhase.kt:113)
	at org.jetbrains.kotlin.backend.common.phaser.PerformByIrFilePhase.invokeSequential(performByIrFile.kt:52)
	... 45 more
Caused by: java.lang.AssertionError: Unexpected IR element found during code generation. Either code generation for it is not implemented, or it should have been lowered:
ERROR_CALL 'Unresolved reference: R|org/EternalReturn/EREntity/EREntity.entity|' type=IrErrorType([Error type: Unresolved type for <error>])
	at org.jetbrains.kotlin.backend.jvm.codegen.ExpressionCodegen.visitElement(ExpressionCodegen.kt:943)
	at org.jetbrains.kotlin.backend.jvm.codegen.ExpressionCodegen.visitElement(ExpressionCodegen.kt:134)
	at org.jetbrains.kotlin.ir.visitors.IrElementVisitor$DefaultImpls.visitExpression(IrElementVisitor.kt:87)
	at org.jetbrains.kotlin.backend.jvm.codegen.ExpressionCodegen.visitExpression(ExpressionCodegen.kt:134)
	at org.jetbrains.kotlin.backend.jvm.codegen.ExpressionCodegen.visitExpression(ExpressionCodegen.kt:134)
	at org.jetbrains.kotlin.ir.visitors.IrElementVisitor$DefaultImpls.visitErrorExpression(IrElementVisitor.kt:198)
	at org.jetbrains.kotlin.backend.jvm.codegen.ExpressionCodegen.visitErrorExpression(ExpressionCodegen.kt:134)
	at org.jetbrains.kotlin.backend.jvm.codegen.ExpressionCodegen.visitErrorExpression(ExpressionCodegen.kt:134)
	at org.jetbrains.kotlin.ir.visitors.IrElementVisitor$DefaultImpls.visitErrorCallExpression(IrElementVisitor.kt:201)
	at org.jetbrains.kotlin.backend.jvm.codegen.ExpressionCodegen.visitErrorCallExpression(ExpressionCodegen.kt:134)
	at org.jetbrains.kotlin.backend.jvm.codegen.ExpressionCodegen.visitErrorCallExpression(ExpressionCodegen.kt:134)
	at org.jetbrains.kotlin.ir.expressions.IrErrorCallExpression.accept(IrErrorCallExpression.kt:24)
	at org.jetbrains.kotlin.backend.jvm.codegen.ExpressionCodegen.visitStatementContainer(ExpressionCodegen.kt:524)
	at org.jetbrains.kotlin.backend.jvm.codegen.ExpressionCodegen.visitContainerExpression(ExpressionCodegen.kt:538)
	at org.jetbrains.kotlin.backend.jvm.codegen.ExpressionCodegen.visitContainerExpression(ExpressionCodegen.kt:134)
	at org.jetbrains.kotlin.ir.visitors.IrElementVisitor$DefaultImpls.visitBlock(IrElementVisitor.kt:126)
	at org.jetbrains.kotlin.backend.jvm.codegen.ExpressionCodegen.visitBlock(ExpressionCodegen.kt:409)
	at org.jetbrains.kotlin.backend.jvm.codegen.ExpressionCodegen.visitBlock(ExpressionCodegen.kt:134)
	at org.jetbrains.kotlin.ir.expressions.IrBlock.accept(IrBlock.kt:18)
	at org.jetbrains.kotlin.backend.jvm.codegen.ExpressionCodegen.visitStatementContainer(ExpressionCodegen.kt:524)
	at org.jetbrains.kotlin.backend.jvm.codegen.ExpressionCodegen.visitContainerExpression(ExpressionCodegen.kt:538)
	at org.jetbrains.kotlin.backend.jvm.codegen.ExpressionCodegen.visitContainerExpression(ExpressionCodegen.kt:134)
	at org.jetbrains.kotlin.ir.visitors.IrElementVisitor$DefaultImpls.visitBlock(IrElementVisitor.kt:126)
	at org.jetbrains.kotlin.backend.jvm.codegen.ExpressionCodegen.visitBlock(ExpressionCodegen.kt:409)
	at org.jetbrains.kotlin.backend.jvm.codegen.ExpressionCodegen.visitBlock(ExpressionCodegen.kt:134)
	at org.jetbrains.kotlin.ir.expressions.IrBlock.accept(IrBlock.kt:18)
	at org.jetbrains.kotlin.backend.jvm.codegen.ExpressionCodegen.visitStatementContainer(ExpressionCodegen.kt:524)
	at org.jetbrains.kotlin.backend.jvm.codegen.ExpressionCodegen.visitBlockBody(ExpressionCodegen.kt:529)
	at org.jetbrains.kotlin.backend.jvm.codegen.ExpressionCodegen.visitBlockBody(ExpressionCodegen.kt:134)
	at org.jetbrains.kotlin.ir.expressions.IrBlockBody.accept(IrBlockBody.kt:20)
	at org.jetbrains.kotlin.backend.jvm.codegen.ExpressionCodegen.generate(ExpressionCodegen.kt:236)
	at org.jetbrains.kotlin.backend.jvm.codegen.FunctionCodegen.doGenerate(FunctionCodegen.kt:124)
	at org.jetbrains.kotlin.backend.jvm.codegen.FunctionCodegen.generate(FunctionCodegen.kt:45)
	... 55 more


